// Jest Snapshot v1, https://goo.gl/fbAQLP

exports[`Glph Component should have matched snapshot 1`] = `<span />`;
